// Jest Snapshot v1, https://goo.gl/fbAQLP

exports[`<OptForm /> renders the <OptForm /> with populated data 1`] = `
<div
  class="opt-form__Container-sc-1xxjyy4-0 hfmJgl"
>
  <input
    class="opt-form__Input-sc-1xxjyy4-1 dpxySJ"
    placeholder="Email address"
  />
  <button
    class="opt-form__Button-sc-1xxjyy4-2 sOgf"
  >
    Try it now
     
    <img
      alt="Try now"
      src="/images/icons/chevron-right.png"
    />
  </button>
  <div
    class="opt-form__Break-sc-1xxjyy4-3 cmWPSM"
  />
  <p
    class="opt-form__Text-sc-1xxjyy4-4 edLbdU"
  >
    Ready to watch? Enter your email to create or restart your membership.
  </p>
</div>
`;
